[
  {
    "tag": "main",
    "attrs": {
      "class": "centered"
    },
    "content": [
      " Redirecting to https://www.isaac.nl/nl/developer-blog/open-source-manifest "
    ]
  }
]