[
  {
    "tag": "main",
    "attrs": {
      "class": "centered"
    },
    "content": [
      "Redirecting to https://youtu.be/lLfgrt-_8sE"
    ]
  }
]