[
  {
    "tag": "main",
    "attrs": {
      "class": "centered"
    },
    "content": [
      "Redirecting to https://mot.mrtnvh.com"
    ]
  }
]